// Jest Snapshot v1, https://goo.gl/fbAQLP

exports[`should renders correctly 1`] = `
<View>
  <View
    style={
      Object {
        "flexDirection": "row",
        "justifyContent": "center",
      }
    }
  >
    <TextInput
      allowFontScaling={true}
      onChangeText={[Function]}
      placeholder="Search by title..."
      placeholderTextColor="#800080"
      rejectResponderTermination={true}
      style={
        Object {
          "alignSelf": "center",
          "height": 40,
          "width": 300,
        }
      }
      underlineColorAndroid="transparent"
      value="someSearchTerm"
    />
    <Text
      allowFontScaling={false}
      style={
        Array [
          Object {
            "color": "#800080",
            "fontSize": 30,
          },
          Object {
            "alignSelf": "center",
          },
          Object {
            "fontFamily": "Ionicons",
            "fontStyle": "normal",
            "fontWeight": "normal",
          },
          Object {},
        ]
      }
    >
      ï’¥
    </Text>
  </View>
  <View
    style={
      Array [
        Object {
          "backgroundColor": "lightgrey",
          "height": 1,
          "width": "100%",
        },
        undefined,
      ]
    }
  />
</View>
`;
