// Jest Snapshot v1, https://goo.gl/fbAQLP

exports[`should renders correctly 1`] = `
<View
  style={
    Array [
      Object {
        "backgroundColor": "lightgrey",
        "height": 1,
        "width": "100%",
      },
      undefined,
    ]
  }
/>
`;
